Microchip MPLAB XC8 Compiler V2.35

Linker command line:

-W-3 --edf=C:\Program Files\Microchip\xc8\v2.35\pic\dat\en_msgs.txt -cn \
  -h+dist/default/production\PIC12F675.X.production.sym \
  --cmf=dist/default/production\PIC12F675.X.production.cmf -z -Q12F675 \
  -oC:\Users\Admin\AppData\Local\Temp\xcAs3ts.4 --defsym=__MPLAB_BUILD=1 \
  -Mdist/default/production/PIC12F675.X.production.map \
  --md=C:\Users\Admin\AppData\Local\Temp\xcAs3ts.dat -E1 -ver=XC8 Compiler \
  --acfsm=1493 -ACODE=00h-03FEh -ASTRCODE=00h-03FEh \
  -ASTRING=00h-0FFhx3,0300h-03FEh -ACONST=00h-0FFhx3,0300h-03FEh \
  -AENTRY=00h-0FFhx3,0300h-03FEh -ABANK0=020h-05Dh -ARAM=020h-05Dh \
  -AABS1=020h-05Fh -ACOMMON=05Eh-05Fh -ASFR0=00h-01Fh -ASFR1=080h-0DDh \
  -ACONFIG=02007h-02007h -DCONFIG=2 -AIDLOC=02000h-02003h -DIDLOC=2 \
  -AEEDATA=00h-07Fh/02100h -peeprom_data=EEDATA -DEEDATA=2 -DCODE=2 \
  -DSTRCODE=2 -DSTRING=2 -DCONST=2 -DENTRY=2 \
  -preset_vec=00h,intentry,init,end_init -ppowerup=CODE -pcinit=CODE \
  -pfunctab=ENTRY -posccal=03FFh -k \
  C:\Users\Admin\AppData\Local\Temp\xcAs3ts.o \
  dist/default/production\PIC12F675.X.production.o 

Object code version is 3.11

Machine type is 12F675



                Name                               Link     Load   Length Selector   Space Scale
C:\Users\Admin\AppData\Local\Temp\xcAs3ts.o
                end_init                              0        0        1        0       0
                config                             2007     2007        1        0       4
                idloc                              2000     2000        4        0       5
dist/default/production\PIC12F675.X.production.o
                cinit                               3F8      3F8        7      7F0       0
                config                             2007     2007        1        0       4
                idloc                              2000     2000        4        0       5
                maintext                            2AC      2AC      14C      558       0
                cstackBANK0                          32       32        1       20       1
                clrtext                             2A4      2A4        8      548       0
                bssBANK0                             20       20       12       20       1

TOTAL           Name                               Link     Load   Length     Space
        CLASS   CODE           
                end_init                              0        0        1         0
                cinit                               3F8      3F8        7         0
                maintext                            2AC      2AC      14C         0
                clrtext                             2A4      2A4        8         0

        CLASS   STRCODE        

        CLASS   STRING         

        CLASS   CONST          

        CLASS   ENTRY          

        CLASS   BANK0          
                cstackBANK0                          32       32        1         1
                bssBANK0                             20       20       12         1

        CLASS   RAM            

        CLASS   ABS1           
                abs_s1                               5E       5E        2         1

        CLASS   COMMON         

        CLASS   SFR0           

        CLASS   SFR1           

        CLASS   CONFIG         
                config                             2007     2007        1         4

        CLASS   IDLOC          
                idloc                              2000     2000        4         5

        CLASS   EEDATA         

        CLASS   BANK1          

        CLASS   STACK          



SEGMENTS        Name                           Load    Length   Top    Selector   Space  Class     Delta

                reset_vec                      000000  000001  000001         0       0  CODE        2
                bssBANK0                       000020  000013  000033        20       1  BANK0       1
                clrtext                        0002A4  000008  0002AC       548       0  CODE        2
                maintext                       0002AC  00014C  0003F8       558       0  CODE        2
                cinit                          0003F8  000007  0003FF       7F0       0  CODE        2


UNUSED ADDRESS RANGES

        Name                Unused          Largest block    Delta
        BANK0            0033-005D             2B           1
        CODE             0001-02A3            2A3           2
        CONST            0001-02A3            100           2
        EEDATA           2100-217F             80           2
        ENTRY            0001-02A3            100           2
        RAM              0033-005D             2B           1
        SFR0             0000-001F             20           1
        SFR1             0080-00DD             5E           1
        STRCODE          0001-02A3            2A3           2
        STRING           0001-02A3            100           2

                                  Symbol Table

_ADCON0                  (abs)       001F
_ANSEL                   (abs)       009F
_CMCON                   (abs)       0019
_GP0                     (abs)       0028
_GP1                     (abs)       0029
_GP2                     (abs)       002A
_GP3                     (abs)       002B
_GP4                     (abs)       002C
_GP5                     (abs)       002D
_GPIO                    (abs)       0005
_OPTION_REG              (abs)       0081
_TRISIO                  (abs)       0085
_VRCON                   (abs)       0099
__Habs1                  abs1        07FE
__Hbank0                 bank0       07FE
__Hbank1                 bank1       07FE
__HbssBANK0              bssBANK0    07FE
__Hcinit                 cinit       03FF
__Hclrtext               clrtext     07FE
__Hcode                  code        07FE
__Hcommon                common      07FE
__Hconfig                config      2008
__HcstackBANK0           cstackBANK0 07FE
__Heeprom_data           eeprom_data 0000
__Hend_init              end_init    0001
__Hfunctab               functab     0000
__Hidloc                 idloc       2004
__Hinit                  init        0000
__Hintentry              intentry    0000
__Hmaintext              maintext    07FE
__Hosccal                osccal      03FF
__Hpowerup               powerup     0000
__Hram                   ram         07FE
__Hreset_vec             reset_vec   0000
__Hsfr0                  sfr0        07FE
__Hsfr1                  sfr1        07FE
__Hspace_0               (abs)       07FE
__Hspace_1               (abs)       07FE
__Hspace_2               (abs)       07FE
__Hspace_3               (abs)       0000
__Hspace_4               (abs)       400F
__Hstack                 stack       07FE
__Hstrings               strings     07FE
__Htext                  text        07FE
__Labs1                  abs1        07FE
__Lbank0                 bank0       07FE
__Lbank1                 bank1       07FE
__LbssBANK0              bssBANK0    07FE
__Lcinit                 cinit       03F8
__Lclrtext               clrtext     07FE
__Lcode                  code        07FE
__Lcommon                common      07FE
__Lconfig                config      0000
__LcstackBANK0           cstackBANK0 07FE
__Leeprom_data           eeprom_data 0000
__Lend_init              end_init    0000
__Lfunctab               functab     0000
__Lidloc                 idloc       0000
__Linit                  init        0000
__Lintentry              intentry    0000
__Lmaintext              maintext    07FE
__Losccal                osccal      03FF
__Lpowerup               powerup     0000
__Lram                   ram         07FE
__Lreset_vec             reset_vec   0000
__Lsfr0                  sfr0        07FE
__Lsfr1                  sfr1        07FE
__Lspace_0               (abs)       0000
__Lspace_1               (abs)       0000
__Lspace_2               (abs)       0000
__Lspace_3               (abs)       0000
__Lspace_4               (abs)       0000
__Lstack                 stack       07FE
__Lstrings               strings     07FE
__Ltext                  text        07FE
__S0                     (abs)       03FF
__S1                     (abs)       0033
__S3                     (abs)       0000
___int_sp                stack       07FE
___latbits               (abs)       0000
___osccal_val            osccal      03FF
___sp                    stack       07FE
___stackhi               (abs)       0000
___stacklo               (abs)       0000
__end_of__initialization cinit       03FD
__end_of_main            maintext    03F8
__initialization         cinit       03F8
__pbssBANK0              bssBANK0    0020
__pcstackBANK0           cstackBANK0 0032
__pmaintext              maintext    02AC
_count                   bssBANK0    0020
_flag1                   bssBANK0    0030
_main                    maintext    02AC
btemp                    (abs)       005E
clear_ram0               clrtext     02A4
end_of_initialization    cinit       03FD
intlevel0                functab     0000
intlevel1                functab     0000
intlevel2                functab     0000
intlevel3                functab     0000
intlevel4                functab     0000
intlevel5                functab     0000
reset_vec                reset_vec   0000
start                    init        0000
start_initialization     cinit       03F8
wtemp0                   (abs)       005E


MODULE INFORMATION

Module		Function		Class		Link	Load	Size
newmain.c
		_main          		CODE           	02AC	0000	332

newmain.c estimated size: 332

shared
		__initialization		CODE           	03F8	0000	5

shared estimated size: 5

